
> context-reader@0.1.0 test:cet
> tsx --test tests/cet-question-dock.test.ts tests/cet-type-trail.test.ts tests/cet-adjustable-timer.test.ts tests/cet-sync-v4.test.ts tests/dictionary-history-intents.test.ts tests/dictionary-history-sync.test.ts tests/cet-catalogue-loader.test.ts tests/cet-submit-all.test.ts tests/cet-revision2.test.ts tests/cet-sync-v3.test.ts tests/cet-reading.test.ts tests/cet-activity.test.ts tests/cet-exposure.test.ts tests/cet-storage.test.ts tests/cet-legacy.test.ts tests/cet-account-isolation.test.ts tests/cet-reader-events.test.tsx

✔ IndexedDB account archive isolates CET drafts, commit packages and exposure facts (93.617ms)
✔ new self-test has independent empty answers and an automatic fixed budget (5.9462ms)
✔ practice selections stay draft until the passage is submitted; a submitted passage freezes (1.2301ms)
✔ practice snapshots keep each passage's study time separate (0.4556ms)
✔ explicit pause preserves remaining budget; hiding time does not pause (0.6148ms)
✔ a clock rollback is retained as a condition rather than presented as a standard test (0.4319ms)
✔ finalization is immutable under late drafts, replay and concurrent different submissions (3.4303ms)
✔ merge of edits and snapshots is idempotent, commutative and associative (1.3514ms)
✔ same-millisecond navigation survives merging with its timer checkpoint (0.7805ms)
✔ 90 second countup reset then 30 retains 120 cumulative, same answers and immutable final (7.8029ms)
✔ countdown reset preserves 2 minutes, restarts complete 10 minute budget; paused stays paused (2.0937ms)
✔ invalid scope/budget/revision and expiry cannot reset; retry is idempotent (0.8668ms)
✔ practice adjustment only affects current section display; expiry caps time but leaves answers editable (0.3863ms)
✔ same v4 activity allows mode change; late old epoch timer cannot undo reset and terminal wins (0.782ms)
✔ fallback storage upgrade retains v3 source, one logical history and late old draft recovery (1.4374ms)
✔ epoch ancestry outranks a stale future clock and merge is order independent (0.824ms)
✔ directory exposes the first page immediately and reaches the last metadata entry (2.4778ms)
✔ later failure retains first batch; retry resumes without duplicates (0.8881ms)
✔ aborted query cannot append its late response; guest six stays six (0.3305ms)
✔ strictly identical passages share material identity while different titles alone are insufficient (1.7913ms)
✔ post-submission answer viewing does not retroactively contaminate the test (4.8179ms)
✔ unfinished legacy exam keeps answers, early reveal and manual-time provenance (2.7605ms)
✔ finished legacy exam is read-only with a snapshot and unknown conditions (1.1609ms)
✔ finished legacy study retains every section without claiming a clean new practice (0.702ms)
✔ dock opens once, pause hides synchronously and restores intent; close cancels pending automatic opening (962.9873ms)
✔ real CET events preserve drafts, freeze one passage and start an independent self-test (5812.6588ms)
✔ two devices retain independent answers and do not count replayed timer segments twice (2.2307ms)
✔ explicit reset defeats stale clock data while preserving answers (0.2948ms)
✔ newer answer wins, submission and early reveal survive delayed sync (0.5202ms)
✔ clearing an exam answer survives normalization and timestamp merging (0.327ms)
✔ catalogue ships complete reading papers with answers and explanations, excludes answerless batches (169.8912ms)
✔ full-archive coverage separates missing answers from incomplete reading order (153.5836ms)
✔ archive expansion preserves existing papers and ships only paired, bounded reading data (148.2637ms)
✔ countup has no budget, survives elapsed background time and explicit pause/resume (8.363ms)
✔ countdown settles once, expiry blocks late answers, and validation stays strict (1.1149ms)
✔ one scope model covers a paper, each type, clear answers and imported scope mismatches (2.455ms)
✔ half-submitted practice reveals only frozen section results and retains neutral drafts (1.147ms)
✔ selected conflicting self-test snapshot controls every answer, count and result even after reference change (2.482ms)
✔ ending practice from already submitted last passage retains every earlier draft without completed-count inflation (1.0784ms)
✔ reference missing from frozen result is unverified, never counted correct (1.3403ms)
✔ fragment offsets and unique token ids distinguish repeated words after multiple cloze gaps (3.3607ms)
✔ v3 activity and commit stay outside v2 collections through persistence, guest claim and replay (6.1638ms)
✔ commit package survives an interrupted activity write and restores the reveal boundary (10.1736ms)
✔ first login adopts guest CET history without changing answers or finalization IDs (9.6241ms)
✔ submit all preserves existing snapshots, activity identity and late-draft scores (7.0049ms)
✔ single and non-four scopes, unavailable answers and conflicting submissions (2.6075ms)
✔ all commit packages recover together after interrupted activity write; retries add no duplicates (11.9711ms)
✔ malformed section scopes cannot silently become completed papers (2.6648ms)
✔ real protocol-2 client and IndexedDB round-trip v3 across two devices without losing v2 or article state (174.2252ms)
✔ v4 adjusted timer roundtrip preserves v2/v3 sources through old client and immutable finalization (207.9977ms)
✔ historical adaptation uses attributable answer/assist evidence, never read or updatedAt (15.2662ms)
✔ A/B/C effective trace, previews do not occupy slots and back/forward restores original activity (0.6858ms)
✔ race/order dedup, purpose/owner isolation, accessible projection and fixed retry (0.3409ms)
✔ explicit restart replaces activity binding without adding material; new round retains old events (0.173ms)
✔ legacy session migration -> delete -> remount never resurrects cached Chinese query (92.9042ms)
✔ migration is stable, owner-verified and never promotes missing cache entries into new durable history (9.1499ms)
✔ delete normalizes NFKC, spaces, case without touching unrelated Chinese records, cache or vocabulary (16.3807ms)
✔ request intent issued before deletion cannot resurrect; explicit new cached lookup can, old delete replay cannot undo it (8.5411ms)
✔ persistent deletion masks old cloud/bootstrap active rows before and after event replay (7.5501ms)
✔ concurrent unknown deletion wins over a query that did not observe it, independent of clocks (6.6817ms)
✔ account archive/restore keeps deletion and rejects stale owner request (9.7187ms)
✔ migration flush failure cannot mark complete; deletion storage failure rejects (6.8335ms)
✔ dictionary delete and explicit requery survive actual protocol-2 bootstrap, stale data and two devices (131.5601ms)
ℹ tests 63
ℹ suites 0
ℹ pass 63
ℹ fail 0
ℹ cancelled 0
ℹ skipped 0
ℹ todo 0
ℹ duration_ms 8755.3292
